r5.cf1.rackcdn.com/QM317380837-202343.pdf
urbn.com/static-files/7d37c1e9-c38f-4cf2-b1f8-c83d29db4bbe
allscrabblewords.com/
allscrabblewords.com/4-letter-words/
allscrabblewords.com/word-description/secure
osric.com/chris/phonetic.html
rinkworks.com/brainfood/p/wordsearches1.shtml
com/
thefreedictionary.com/
baxter.com/tisseel
gcs-web.com/static-files/9a9658df-4edb-40d2-b871-c441beb44778
com/article/shohei-ohtani-royals-angels-f827803536c68a9139e84a2da0749a9a
army.mil/epubs/DR_pubs/DR_a/pdf/web/r530_1.pdf
delaware.gov/wp-content/uploads/sites/40/2021/12/FY2021-DEVFC-Report-2.pdf
com/question/18487853
mis.temple.edu/mis5214sp2019bnai/files/2019/01/Vacca_Chapter55_DetectionOfConflictsInSecurityPolicies.pdf
org/wp-content/uploads/2019/05/baw-favorite-puzzles.pdf
maryland.gov/fisheries/Documents/Freshwatermaryland.gov/fisheries/Documents/Freshwaterks.gov/documents/20121/133629/How+to+Register+with+the+MFA+System.pdf/00070e60-0029-6124-aafd-761c9ae8022b
com/feedback.html
com/
wikipedia.org/wiki/Lists_of_acronyms
wikipedia.org/wiki/World_War_II_Postal_Acronyms
wikwik.org/c/e/3/5letterwordswithetu.htm
com/fexpo-sucre-internacional/
com/fundacion-fexpo-sucre/
org/about
com/cyberboy666/r_e_c_u_r
com/highlights-of-the-newly-passed-s-e-c-u-r-e-act/
duckduckgo.com/html/
gehealthcare.com/static-files/de6cfc1d-fa26-4487-9494-c607dbeaff0e
united.com/static-files/710e1180-f6fa-4421-b37d-789444970d4c
flsenate.gov/session/bill/2023/269/billtext/er/pdf
thefreedictionary.com/F.R.C.S.(E)
gov/nola/media/Licensing-Regulation/Mobile-Confections-(Formerly-Ice-Cream)-Truck-Permit-Checklist-June-2022.pdf
nist.gov/nistpubs/Legacy/SP/nistspecialpublication800-30r1.pdf
nist.gov/nistpubs/Legacy/SP/nistspecialpublication800-59.pdf
org/
ncbi.nlm.nih.gov/11237011/
prod.cms.rt.microsoft.com/cms/api/am/binary/RE5aC6y?culture=en-us&country=US
adviserinfo.sec.gov/crs/crs_296866.pdf
com/the-rubiks-cube/notation/
nn.k12.va.us/counseling/bulletin-archive/bulletin2023-05-06.pdf
ssa.gov/apps10/reference.nsf/90f9780548372aab852576e2006f4849/429007affb62541c8525899c000dc9c1!OpenDocument
com/questions/23208548/how-to-view-php-file-in-plaintext
cdc.gov/view/cdc/115974/cdc_115974_DS1.pdf
nhtsa.gov/odi/rcl/2023/RCMN-23V137-4002.pdf
com/stimulus-forgiveness-relief-legislation-emails/
github.io/references/html-css-reference.pdf
microsoft.com/en-us/topic/april-25-2023-kb5025305-os-build-22621-1635-preview-2482528b-7e8e-4179-b255-808f484b9c0c
com/521422/mobile-security-consolidation-as-f-secure-buys-lookouts-consumer-arm/
com/
house.gov/download/bills/117-2/117-130.pdf
house.gov/download/bills/117-2/117-248.pdf
house.gov/download/bills/117-2/117-322.pdf
brown.edu/costsofwar/files/cow/imce/papers/2023/Somaliatips/unscramble-word-finder/
tips/word-descrambler/
yourdictionary.com/letter-words/3/
yourdictionary.com/letter-words/4/
yourdictionary.com/letter-words/7/
yourdictionary.com/words-with-the-letter/
abbreviations.com/SECURE
abbreviations.com/acronyms/BANKING
acronymfinder.com/ACRONYM.html
acronymgenerator.net/
alaska.edu/procurement/files/Remoteallacronyms.com/
allacronyms.com/banking/abbreviations
allscrabblewords.com/
americanbanker.com/glossary/a.html
annualreports.com/HostedData/AnnualReportArchive/h/NASDAQ_HTHT_2019.pdf
bestwordlist.com/c/c/3/5letterwordswithceu.htm
bestwordlist.com/c/c/3/6letterwordswithceu.htm
bestwordlist.com/c/c/3/6letterwordswithcrt.htm
bestwordlist.com/c/c/4/7letterwordswithceru.htm
bestwordlist.com/c/e/3/5letterwordswitheru.htm
bestwordlist.com/c/e/3/6letterwordswithesu.htm
bestwordlist.com/c/e/4/5letterwordswithersu.htm
bestwordlist.com/c/e/4/6letterwordswithersu.htm
bestwordlist.com/c/e/4/7letterwordswitheisu.htm
cacb.uscourts.gov/sites/cacb/files/documents/news/Thecdse.edu/Portals/124/Documents/glossary/IF105-glossary.pdf
chegg.com/homework-help/questions-and-answers/e-l-e-c-t-r-o-n-c-s-c-r-c-u-t-n-l-y-s-s-n-d-d-e-s-g-n-t-h-e-c-r-c-u-t-s-h-o-w-n-n-f-g-u-r--q66003108
courts.wa.gov/court_Rules/proposed/2022Jun/1453courts.wa.gov/court_Rules/proposed/2022Mar/1421dcode.fr/longest-word-solver
dictionary.com/browse/pronounce
dictionary.com/browse/secure
dictionary.com/e/word-finder/
elcomercio.com/actualidad/quito/ferias-quito-precio-fanesca-tradiciones.html
f-secure.com/en/articles/7-reasons-why-f-secure-total-is-better-than-free-antivirus
facebook.com/Future2077/
facebook.com/feuce/
flsenate.gov/Session/Bill/2023/1191/BillText/er/PDF
flsenate.gov/Session/Bill/2023/1203/BillText/er/PDF
flsenate.gov/Session/Bill/2023/1267/BillText/er/PDF
flsenate.gov/Session/Bill/2023/1333/BillText/c1/PDF
flsenate.gov/Session/Bill/2023/1359/BillText/er/PDF
flsenate.gov/Session/Bill/2023/1417/BillText/er/PDF
flsenate.gov/Session/Bill/2023/1617/BillText/c1/PDF
flsenate.gov/Session/Bill/2023/269/BillText/er/PDF
flsenate.gov/Session/Bill/2023/5/BillText/c2/PDF
flsenate.gov/Session/Bill/2023/825/BillText/er/PDF
flsenate.gov/Session/Bill/2023/959/BillText/er/PDF
flsenate.gov/Session/Bill/2023/967/BillText/er/PDF
goal.com/en/news/end-of-the-road-for-ansu-fati-barcelona-agent-promises-club-secure-70m-transfer-fee/blt89d44a3c0f03378d
gov.ca.gov/wp-content/uploads/2022/12/Fact-Sheet-Price-Gouging-Penalty.pdf
hcboe.us/site/handlers/filedownload.ashx?moduleinstanceid=11373&dataid=9611&FileName=2021instagram.com/p/Cq5QC_7uJAN/
instagram.com/r.e.s.c.u.e/
is.fi/digitoday/esports/art-2000009488430.html
jefferies.com/CMSFiles/Jefferies.com/Files/PrimeServices/JEFWhenTheMarketMovestheMarketFixedIncomeEdition.pdf
kansas.gov/kbi/info/docs/pdf/KCJISleg.state.nv.us/App/NELIS/REL/82nd2023/ExhibitDocument/OpenExhibitDocument?exhibitId=68235&fileDownloadName=AB21_SupportLetter_RinaWulfing_WISE.pdf
livenationentertainment.com/2023/04/rock-the-bells-live-nation-urban-present-the-f-o-r-c-e-frequencies-of-real-creative-energy-live-north-american-summer-tour-headlined-by-ll-cool-j/
merriam-webster.com/dictionary/secure
nasa.gov/sites/default/files/atoms/files/sm4_excerpt_june22.pdf
ncbi.nlm.nih.gov/Structure/cdd/sd00038
ncbi.nlm.nih.gov/Structure/cdd/sd00039
njconsumeraffairs.gov/bos/bosforms/Investor-Education-Materials-Investment-Checklist.pdf
oregon.gov/ohcs/housing-assistance/Documents/05-13-2021-OERAP-FAQ.pdf
oreilly.com/library/view/business-continuity-and/9781555583392/chapter-05.html
protocols.io/security-whitepaper.pdf
researchgate.net/publication/224156269_Optimal_Trajectory_Generation_for_Dynamic_Street_Scenarios_in_a_Frenet_Frame
researchgate.net/publication/234021883_Beyond_IndividualismCollectivism_New_Cultural_Dimensions_of_Values
researchgate.net/publication/276531939_Molecular_Constants_of_PClF4
researchgate.net/publication/352791497_E_L_A_B_O_R_A_C_I_O_N_D_E_M_E_D_I_O_S_P_A_R_A_C_O_N_T_R_I_B_U_I_R_A_L_O_S_E_S_T_U_D_I_O_S_D_E_L_R_U_I_D_O_E_N_L_A_U_N_I_V_E_R_S_I_D_A_D_D_E_M_A_T_A_N_Z_A_S
researchgate.net/publication/360221630_I_M_P_A_C_T_O_D_E_L_A_S_N_U_E_V_A_S_T_E_C_N_O_L_O_G_I_A_S_E_N_L_A_E_N_S_E_N_A_N_Z_A_-A_P_R_E_N_D_I_Z_A_J_E_DEL_INGLES_EN_LA_EDUCACION_SUPERIOR
researchgate.net/publication/361926347_Mental_States_A_Key_Point_in_Scam_Compliance_and_Warning_Compliance_in_Real_Life
spanishdict.com/translate/fescuerare
state.gov/wp-content/uploads/2023/04/Report-Compliance-with-the-Convention-on-Chemical-Weapons-005123-FIXED.pdf
studocu.com/en-us/document/the-university-of-texas-at-arlington/principles-of-marketing/question-1-quiz-for-marketing/49398175
studocu.com/in/document/madurai-kamaraj-university/bba/security-analysis/42929001
texasffa.org/docs/Texas            0.000000FAthefreedictionary.com/word-finder.htm
thoughtco.com/banking-and-business-abbreviations-4090299
toppr.com/guides/reasoning-ability/series-completion/alphabet-series/
un.org/regularprocess/sites/www.un.org.regularprocess/files/poe_nomination_notification_170423.pdf
unionleader.com/news/safety/untimely-death-reported-at-nh-secure-psychiatric-unit/article_f571f60d-dc30-538c-94a6-0faecc1a4538.html
unscramblerer.com/
wallstreetmojo.com/full-form/
wordsunscramble.com/
wordunscrambler.net/words/4-letter
wordunscrambler.net/words/9-letter
wsj.com/articles/supreme-court-loper-bright-enterprises-v-raimondo-chevron-deference-fisheries-a6f5cb24
youtube.com/watch?v=NZfPqL1aEC0
youtube.com/watch?v=uFKcRa32PGs
youtube.com/watch?v=vI1gVTWURbM
