abbreviations.com
acronymfinder.com
acronymgenerator.net
adviserinfo.sec.gov
alaska.edu
allacronyms.com
allscrabblewords.com
americanbanker.com
annualreports.com
army.mil
baxter.com
bestwordlist.com
brown.edu
cacb.uscourts.gov
cdc.gov
chegg.com
com
courts.wa.gov
delaware.gov
dictionary.com
duckduckgo.com
elcomercio.com
f-secure.com
facebook.com
flsenate.gov
gcs-web.com
gehealthcare.com
github.io
goal.com
gov
gov.ca.gov
hcboe.us
house.gov
instagram.com
is.fi
jefferies.com
kansas.gov
livenationentertainment.com
maryland.gov
merriam-webster.com
microsoft.com
mis.temple.edu
nasa.gov
ncbi.nlm.nih.gov
nhtsa.gov
nist.gov
njconsumeraffairs.gov
nn.k12.va.us
oregon.gov
oreilly.com
org
osric.com
prod.cms.rt.microsoft.com
protocols.io
r5.cf1.rackcdn.com
researchgate.net
rinkworks.com
spanishdict.com
ssa.gov
state.gov
studocu.com
texasffa.org
thefreedictionary.com
thoughtco.com
tips
toppr.com
un.org
unionleader.com
united.com
unscramblerer.com
urbn.com
wallstreetmojo.com
wikipedia.org
wikwik.org
wordsunscramble.com
wordunscrambler.net
wsj.com
yourdictionary.com
youtube.com
